FILE_TYPE=LIBRARY_PARTS;
PRIMITIVE 'BLM15EX121SN1D','BLM15EX121SN1D_Other';
  PIN
    '1':
      PIN_NUMBER='(1)';
      NO_LOAD_CHECK=BOTH;
      NO_IO_CHECK=BOTH;
      ALLOW_CONNECT=TRUE;
      PINUSE='UNSPEC';
    '2':
      PIN_NUMBER='(2)';
      NO_LOAD_CHECK=BOTH;
      NO_IO_CHECK=BOTH;
      ALLOW_CONNECT=TRUE;
      PINUSE='UNSPEC';
  END_PIN;
  BODY
    PART_NAME='BLM15EX121SN1D';
    PHYS_DES_PREFIX='FB';
    NO_LOAD_CHECK='TRUE';
    PIN_COUNT='2';
    BODY_NAME='BLM15EX121SN1D';
    JEDEC_TYPE='NFZ15SG152SN10B';
  END_BODY;
END_PRIMITIVE;
END.
