FILE_TYPE=LIBRARY_PARTS;
PRIMITIVE 'LQM2HPN4R7MG0L','LQM2HPN4R7MG0L_Other';
  PIN
    '1':
      PIN_NUMBER='(1)';
      NO_LOAD_CHECK=BOTH;
      NO_IO_CHECK=BOTH;
      ALLOW_CONNECT=TRUE;
      PINUSE='UNSPEC';
    '2':
      PIN_NUMBER='(2)';
      NO_LOAD_CHECK=BOTH;
      NO_IO_CHECK=BOTH;
      ALLOW_CONNECT=TRUE;
      PINUSE='UNSPEC';
  END_PIN;
  BODY
    PART_NAME='LQM2HPN4R7MG0L';
    PHYS_DES_PREFIX='L';
    NO_LOAD_CHECK='TRUE';
    PIN_COUNT='2';
    BODY_NAME='LQM2HPN4R7MG0L';
    JEDEC_TYPE='LQM2HPN1R0MG0L';
  END_BODY;
END_PRIMITIVE;
END.
