FILE_TYPE=LIBRARY_PARTS;
PRIMITIVE 'GRM1555C1H6R8CA01D','GRM1555C1H6R8CA01D_Capacitor Chip Non-polarised';
  PIN
    '1':
      PIN_NUMBER='(1)';
      NO_LOAD_CHECK=BOTH;
      NO_IO_CHECK=BOTH;
      ALLOW_CONNECT=TRUE;
      PINUSE='UNSPEC';
    '2':
      PIN_NUMBER='(2)';
      NO_LOAD_CHECK=BOTH;
      NO_IO_CHECK=BOTH;
      ALLOW_CONNECT=TRUE;
      PINUSE='UNSPEC';
  END_PIN;
  BODY
    PART_NAME='GRM1555C1H6R8CA01D';
    PHYS_DES_PREFIX='C';
    NO_LOAD_CHECK='TRUE';
    PIN_COUNT='2';
    BODY_NAME='GRM1555C1H6R8CA01D';
    JEDEC_TYPE='CAPC1005X70N';
  END_BODY;
END_PRIMITIVE;
END.
