FILE_TYPE=LIBRARY_PARTS;
PRIMITIVE 'SMBJ5.0A_TR','SMBJ5.0A_TR_Other';
  PIN
    'K':
      PIN_NUMBER='(1)';
      NO_LOAD_CHECK=BOTH;
      NO_IO_CHECK=BOTH;
      ALLOW_CONNECT=TRUE;
      PINUSE='UNSPEC';
    'A':
      PIN_NUMBER='(2)';
      NO_LOAD_CHECK=BOTH;
      NO_IO_CHECK=BOTH;
      ALLOW_CONNECT=TRUE;
      PINUSE='UNSPEC';
  END_PIN;
  BODY
    PART_NAME='SMBJ5.0A_TR';
    PHYS_DES_PREFIX='D';
    NO_LOAD_CHECK='TRUE';
    PIN_COUNT='2';
    BODY_NAME='SMBJ5.0A_TR';
    JEDEC_TYPE='SMBJ12A';
  END_BODY;
END_PRIMITIVE;
END.
