FILE_TYPE=LIBRARY_PARTS;
PRIMITIVE 'RC0402FR_072K49L','RC0402FR_072K49L_Resistor Chip';
  PIN
    '1':
      PIN_NUMBER='(1)';
      NO_LOAD_CHECK=BOTH;
      NO_IO_CHECK=BOTH;
      ALLOW_CONNECT=TRUE;
      PINUSE='UNSPEC';
    '2':
      PIN_NUMBER='(2)';
      NO_LOAD_CHECK=BOTH;
      NO_IO_CHECK=BOTH;
      ALLOW_CONNECT=TRUE;
      PINUSE='UNSPEC';
  END_PIN;
  BODY
    PART_NAME='RC0402FR_072K49L';
    PHYS_DES_PREFIX='R';
    NO_LOAD_CHECK='TRUE';
    PIN_COUNT='2';
    BODY_NAME='RC0402FR_072K49L';
    JEDEC_TYPE='RESC1005X40N';
  END_BODY;
END_PRIMITIVE;
END.
