Compile Report
Microchip Technology Inc. - Microchip Libero Software Release v2023.2 (Version 2023.2.0.8)
Date: Mon Mar 17 14:03:34 2025

Device Selection
+------------------------+--------------+
| Family                 | PolarFireSoC |
| Device                 | MPFS025T     |
| Package                | FCVG484      |
| Speed Grade            | STD          |
| Core Voltage           | 1.0V         |
| Part Range             | EXT          |
| Default I/O technology | LVCMOS 1.8V  |
+------------------------+--------------+

Source Files
+---------+-------------------------------------------------------------------------------------------------------------+
| Topcell | DEFAULT_6BA5ED31DBDDB144872513                                                                              |
| Format  | Verilog                                                                                                     |
| Source  | /home/arthur/Desktop/projects_gnss/beaglevfire-gnss/work/libero/synthesis/DEFAULT_6BA5ED31DBDDB144872513.vm |
+---------+-------------------------------------------------------------------------------------------------------------+

Options
+----------------------------------------------------+----+
| Limit the number of high fanout nets to display to | 10 |
+----------------------------------------------------+----+

Resource Usage
+---------------------------+------+-------+------------+
| Type                      | Used | Total | Percentage |
+---------------------------+------+-------+------------+
| 4LUT                      | 6204 | 22956 | 27.03      |
| DFF                       | 6806 | 22956 | 29.65      |
| I/O Register              | 0    | 324   | 0.00       |
| User I/O                  | 81   | 108   | 75.00      |
| -- Single-ended I/O       | 81   | 108   | 75.00      |
| -- Differential I/O Pairs | 0    | 54    | 0.00       |
| uSRAM                     | 16   | 204   | 7.84       |
| LSRAM                     | 0    | 84    | 0.00       |
| Math                      | 0    | 68    | 0.00       |
| H-Chip Global             | 10   | 24    | 41.67      |
| PLL                       | 2    | 8     | 25.00      |
| DLL                       | 0    | 8     | 0.00       |
| CRN_INT                   | 2    | 24    | 8.33       |
| INIT                      | 1    | 1     | 100.00     |
| OSC_RC160MHZ              | 1    | 1     | 100.00     |
| Transceiver Lanes         | 2    | 4     | 50.00      |
| Transceiver PCIe          | 1    | 2     | 50.00      |
| TX_PLL                    | 1    | 3     | 33.33      |
| LINK                      | 1    | 2     | 50.00      |
| XCVR_REF_CLK              | 1    | 3     | 33.33      |
| PCIE_COMMON               | 1    | 1     | 100.00     |
| ICB_CLKDIV                | 1    | 12    | 8.33       |
| ICB_CLKINT                | 7    | 44    | 15.91      |
| NGMUX                     | 1    | 6     | 16.67      |
| ICB_INT                   | 1    | 6     | 16.67      |
| MSS                       | 1    | 1     | 100.00     |
| MSS I/O                   | 104  | 136   | 76.47      |
+---------------------------+------+-------+------------+

Detailed Logic Resource Usage
+-----------------------+------+------+
| Type                  | 4LUT | DFF  |
+-----------------------+------+------+
| Fabric Logic          | 6012 | 6614 |
| uSRAM Interface Logic | 192  | 192  |
| LSRAM Interface Logic | 0    | 0    |
| Math Interface Logic  | 0    | 0    |
| Total Used            | 6204 | 6806 |
+-----------------------+------+------+

Detailed Carry Chains Resource Usage
+--------+------+
| Length | Used |
| 8      | 8    |
| 13     | 1    |
| 17     | 18   |
| 33     | 15   |
| Total  | 42   |
+--------+------+

Detailed 4LUT Groups Resource Usage
+--------+------+
| Length | Used |
| 2      | 401  |
| 10     | 10   |
| Total  | 411  |
+--------+------+

I/O Function
+-------------------------------+--------------+-------------+-----------------+
| Type                          | w/o register | w/ register | w/ DDR register |
+-------------------------------+--------------+-------------+-----------------+
| Input I/O                     | 8            | 0           | 0               |
| Output I/O                    | 22           | 0           | 0               |
| Bidirectional I/O             | 51           | 0           | 0               |
| Differential Input I/O Pairs  | 0            | 0           | 0               |
| Differential Output I/O Pairs | 0            | 0           | 0               |
+-------------------------------+--------------+-------------+-----------------+

Nets assigned to chip global resources
+--------+---------+-------------------------------------------------------------------------------------------------------+
| Fanout | Type    | Name                                                                                                  |
+--------+---------+-------------------------------------------------------------------------------------------------------+
| 4448   | INT_NET | Net   : CLOCKS_AND_RESETS_FIC_3_PCLK                                                                  |
|        |         | Driver: CLOCKS_AND_RESETS_inst_0/FPGA_CCC_C0_0/FPGA_CCC_C0_0/clkint_12/U0_RGB1                        |
|        |         | Source: NETLIST                                                                                       |
| 2170   | INT_NET | Net   : CLOCKS_AND_RESETS_FIC_1_ACLK                                                                  |
|        |         | Driver: CLOCKS_AND_RESETS_inst_0/FPGA_CCC_C0_0/FPGA_CCC_C0_0/clkint_4/U0_RGB1                         |
|        |         | Source: NETLIST                                                                                       |
| 1517   | INT_NET | Net   : dff_arst                                                                                      |
|        |         | Driver: CLOCKS_AND_RESETS_inst_0/FIC_3_RESET_0/CORERESET_0/dff_15_rep_RNI7PT4/U0_RGB1                 |
|        |         | Source: NETLIST                                                                                       |
| 1112   | INT_NET | Net   : M2_INTERFACE_0/FIC1_INITIATOR/FIC_1_INITIATOR_0/sysReset_arst                                 |
|        |         | Driver: M2_INTERFACE_0/FIC1_INITIATOR/FIC_1_INITIATOR_0/arst_aclk_sync/sysReset_RNI0DTB/U0_RGB1       |
|        |         | Source: NETLIST                                                                                       |
| 1020   | INT_NET | Net   : M2_INTERFACE_0/PCIE_INITIATOR_inst_0/PCIE_INITIATOR_0/sysReset_arst                           |
|        |         | Driver: M2_INTERFACE_0/PCIE_INITIATOR_inst_0/PCIE_INITIATOR_0/arst_aclk_sync/sysReset_RNI0DTB/U0_RGB1 |
|        |         | Source: NETLIST                                                                                       |
| 17     | INT_NET | Net   : CLOCKS_AND_RESETS_FIC_0_ACLK                                                                  |
|        |         | Driver: CLOCKS_AND_RESETS_inst_0/FPGA_CCC_C0_0/FPGA_CCC_C0_0/clkint_0/U0_RGB1                         |
|        |         | Source: NETLIST                                                                                       |
| 2      | INT_NET | Net   : CLOCKS_AND_RESETS_inst_0/RCOSC_160MHZ_GL                                                      |
|        |         | Driver: CLOCKS_AND_RESETS_inst_0/OSCILLATOR_160MHz_inst_0/OSCILLATOR_160MHz_0/I_OSC_160_INT/U0_RGB1   |
|        |         | Source: NETLIST                                                                                       |
| 1      | INT_NET | Net   : CLOCKS_AND_RESETS_PCIe_CLK_125MHz                                                             |
|        |         | Driver: CLOCKS_AND_RESETS_inst_0/GLITCHLESS_MUX_inst_0/GLITCHLESS_MUX_0/I_CLKINT/U0_RGB1              |
|        |         | Source: NETLIST                                                                                       |
| 1      | INT_NET | Net   : CLOCKS_AND_RESETS_FIC_2_ACLK                                                                  |
|        |         | Driver: CLOCKS_AND_RESETS_inst_0/FPGA_CCC_C0_0/FPGA_CCC_C0_0/clkint_8/U0_RGB1                         |
|        |         | Source: NETLIST                                                                                       |
| 1      | INT_NET | Net   : ADC_MCLK_c                                                                                    |
|        |         | Driver: CLOCKS_AND_RESETS_inst_0/PF_CCC_ADC_0/PF_CCC_ADC_0/clkint_0/U0_RGB1                           |
|        |         | Source: NETLIST                                                                                       |
+--------+---------+-------------------------------------------------------------------------------------------------------+

Nets assigned to row global resources
+--------+------+------+
| Fanout | Type | Name |
+--------+------+------+
+--------+------+------+

High fanout nets
+--------+---------+------------------------------------------------------------------------------------------------------+
| Fanout | Type    | Name                                                                                                 |
+--------+---------+------------------------------------------------------------------------------------------------------+
| 728    | INT_NET | Net   : CLOCKS_AND_RESETS_inst_0_FIC_3_RESET_0_CORERESET_0_dff                                       |
|        |         | Driver: CLOCKS_AND_RESETS_inst_0/FIC_3_RESET_0/CORERESET_0/dff_15                                    |
| 570    | INT_NET | Net   : BVF_RISCV_SUBSYSTEM_inst_0/IHC_SUBSYSTEM_0/CHANNEL_E51_TO_U54_1_amp_miv_ihcc_ctrl_A_SEL[1]   |
|        |         | Driver: BVF_RISCV_SUBSYSTEM_inst_0/IHC_SUBSYSTEM_0/CHANNEL_E51_TO_U54_1/amp_miv_ihcc_ctrl/A_SEL_Z[1] |
| 441    | INT_NET | Net   : BVF_RISCV_SUBSYSTEM_CAPE_APB_MTARGET_PADDR[2]                                                |
|        |         | Driver: BVF_RISCV_SUBSYSTEM_inst_0/PF_SOC_MSS_inst_0/I_MSS                                           |
| 314    | INT_NET | Net   : BVF_RISCV_SUBSYSTEM_inst_0/IHC_SUBSYSTEM_0/CHANNEL_E51_TO_U54_1_amp_miv_ihcc_ctrl_A_SEL[0]   |
|        |         | Driver: BVF_RISCV_SUBSYSTEM_inst_0/IHC_SUBSYSTEM_0/CHANNEL_E51_TO_U54_1/amp_miv_ihcc_ctrl/A_SEL_Z[0] |
| 292    | INT_NET | Net   : BVF_RISCV_SUBSYSTEM_CAPE_APB_MTARGET_PADDR[3]                                                |
|        |         | Driver: BVF_RISCV_SUBSYSTEM_inst_0/PF_SOC_MSS_inst_0/I_MSS                                           |
| 285    | INT_NET | Net   : BVF_RISCV_SUBSYSTEM_CAPE_APB_MTARGET_PADDR[11]                                               |
|        |         | Driver: BVF_RISCV_SUBSYSTEM_inst_0/PF_SOC_MSS_inst_0/I_MSS                                           |
| 247    | INT_NET | Net   : BVF_RISCV_SUBSYSTEM_CAPE_APB_MTARGET_PADDR[10]                                               |
|        |         | Driver: BVF_RISCV_SUBSYSTEM_inst_0/PF_SOC_MSS_inst_0/I_MSS                                           |
| 195    | INT_NET | Net   : BVF_RISCV_SUBSYSTEM_CAPE_APB_MTARGET_PADDR[4]                                                |
|        |         | Driver: BVF_RISCV_SUBSYSTEM_inst_0/PF_SOC_MSS_inst_0/I_MSS                                           |
| 151    | INT_NET | Net   : BVF_RISCV_SUBSYSTEM_CAPE_APB_MTARGET_PADDR[5]                                                |
|        |         | Driver: BVF_RISCV_SUBSYSTEM_inst_0/PF_SOC_MSS_inst_0/I_MSS                                           |
| 128    | INT_NET | Net   : CAPE_inst_0/PWM_1/corepwm_C1_0/corepwm_C1_0/genblk3.corepwm_reg_if/N_46_i                    |
|        |         | Driver: CAPE_inst_0/PWM_1/corepwm_C1_0/corepwm_C1_0/genblk3.corepwm_reg_if/sync_update_RNI97K11      |
+--------+---------+------------------------------------------------------------------------------------------------------+

High fanout nets (through buffer trees)
+--------+---------+------------------------------------------------------------------------------------------------------+
| Fanout | Type    | Name                                                                                                 |
+--------+---------+------------------------------------------------------------------------------------------------------+
| 728    | INT_NET | Net   : CLOCKS_AND_RESETS_inst_0_FIC_3_RESET_0_CORERESET_0_dff                                       |
|        |         | Driver: CLOCKS_AND_RESETS_inst_0/FIC_3_RESET_0/CORERESET_0/dff_15                                    |
| 570    | INT_NET | Net   : BVF_RISCV_SUBSYSTEM_inst_0/IHC_SUBSYSTEM_0/CHANNEL_E51_TO_U54_1_amp_miv_ihcc_ctrl_A_SEL[1]   |
|        |         | Driver: BVF_RISCV_SUBSYSTEM_inst_0/IHC_SUBSYSTEM_0/CHANNEL_E51_TO_U54_1/amp_miv_ihcc_ctrl/A_SEL_Z[1] |
| 441    | INT_NET | Net   : BVF_RISCV_SUBSYSTEM_CAPE_APB_MTARGET_PADDR[2]                                                |
|        |         | Driver: BVF_RISCV_SUBSYSTEM_inst_0/PF_SOC_MSS_inst_0/I_MSS                                           |
| 314    | INT_NET | Net   : BVF_RISCV_SUBSYSTEM_inst_0/IHC_SUBSYSTEM_0/CHANNEL_E51_TO_U54_1_amp_miv_ihcc_ctrl_A_SEL[0]   |
|        |         | Driver: BVF_RISCV_SUBSYSTEM_inst_0/IHC_SUBSYSTEM_0/CHANNEL_E51_TO_U54_1/amp_miv_ihcc_ctrl/A_SEL_Z[0] |
| 292    | INT_NET | Net   : BVF_RISCV_SUBSYSTEM_CAPE_APB_MTARGET_PADDR[3]                                                |
|        |         | Driver: BVF_RISCV_SUBSYSTEM_inst_0/PF_SOC_MSS_inst_0/I_MSS                                           |
| 285    | INT_NET | Net   : BVF_RISCV_SUBSYSTEM_CAPE_APB_MTARGET_PADDR[11]                                               |
|        |         | Driver: BVF_RISCV_SUBSYSTEM_inst_0/PF_SOC_MSS_inst_0/I_MSS                                           |
| 247    | INT_NET | Net   : BVF_RISCV_SUBSYSTEM_CAPE_APB_MTARGET_PADDR[10]                                               |
|        |         | Driver: BVF_RISCV_SUBSYSTEM_inst_0/PF_SOC_MSS_inst_0/I_MSS                                           |
| 195    | INT_NET | Net   : BVF_RISCV_SUBSYSTEM_CAPE_APB_MTARGET_PADDR[4]                                                |
|        |         | Driver: BVF_RISCV_SUBSYSTEM_inst_0/PF_SOC_MSS_inst_0/I_MSS                                           |
| 151    | INT_NET | Net   : BVF_RISCV_SUBSYSTEM_CAPE_APB_MTARGET_PADDR[5]                                                |
|        |         | Driver: BVF_RISCV_SUBSYSTEM_inst_0/PF_SOC_MSS_inst_0/I_MSS                                           |
| 128    | INT_NET | Net   : CAPE_inst_0/PWM_1/corepwm_C1_0/corepwm_C1_0/genblk3.corepwm_reg_if/N_46_i                    |
|        |         | Driver: CAPE_inst_0/PWM_1/corepwm_C1_0/corepwm_C1_0/genblk3.corepwm_reg_if/sync_update_RNI97K11      |
+--------+---------+------------------------------------------------------------------------------------------------------+

