********************************************************************
Delay Instance Report - Date: Mon Mar 17 14:07:15 2025
Product: Designer
Release: v2023.2
Version: 2023.2.0.8
Design Name: DEFAULT_6BA5ED31DBDDB144872513
Family: PolarFireSoC
Die: MPFS025T
Package: FCVG484
********************************************************************

Microchip Technology Inc. - Microchip Libero Software Release v2023.2 (Version 2023.2.0.8)


+-----------+-----------------------------------------------------------------------+-------------+-------------+-----------------+-----------+
| Type      | Instance Name                                                         | Param Name  | Delay Value | PDC Option Name | Editable? |
+-----------+-----------------------------------------------------------------------+-------------+-------------+-----------------+-----------+
| PLL_DELAY | CLOCKS_AND_RESETS_inst_0/PF_CCC_ADC_0/PF_CCC_ADC_0/pll_inst_0_DELAY   | CDELAY0_SEL | 0           | DELAY           | No        |
| PLL_DELAY | CLOCKS_AND_RESETS_inst_0/FPGA_CCC_C0_0/FPGA_CCC_C0_0/pll_inst_0_DELAY | CDELAY0_SEL | 0           | DELAY           | No        |
+-----------+-----------------------------------------------------------------------+-------------+-------------+-----------------+-----------+

