Resource Usage Report for DEFAULT_6BA5ED31DBDDB144872513 

Mapping to part: mpfs025tfcvg484std
Cell usage:
AND2            3 uses
AND4            1 use
CLKINT          11 uses
ICB_CLKDIV      1 use
ICB_NGMUX       1 use
INIT            1 use
INV             2 uses
MSS             1 use
OSC_RC160MHZ    1 use
PCIE            1 use
PCIE_COMMON     1 use
PLL             2 uses
TX_PLL          1 use
XCVR_APB_LINK   1 use
XCVR_PIPE_AXI0  1 use
XCVR_PIPE_AXI1  1 use
XCVR_REF_CLK    1 use
CFG1           15 uses
CFG2           514 uses
CFG3           2052 uses
CFG4           1652 uses

Carry cells:
ARI1            850 uses - used for arithmetic functions
ARI1            902 uses - used for Wide-Mux implementation
Total ARI1      1752 uses


Sequential Cells: 
SLE            6614 uses

DSP Blocks:    0 of 68 (0%)

I/O ports: 191
I/O primitives: 175
BIBUF          105 uses
BIBUF_DIFF     4 uses
INBUF          16 uses
INBUF_DIFF     3 uses
OUTBUF         44 uses
OUTBUF_DIFF    3 uses


Global Clock Buffers: 11

Total LUTs:    5985

Extra resources required for RAM and MACC_PA interface logic during P&R:

RAM64X12 Interface Logic : SLEs = 192; LUTs = 192;
RAM1K20  Interface Logic : SLEs = 0; LUTs = 0;
MACC_PA     Interface Logic : SLEs = 0; LUTs = 0;
MACC_PA_BC_ROM     Interface Logic : SLEs = 0; LUTs = 0;

Total number of SLEs after P&R:  6614 + 192 + 0 + 0 = 6806;
Total number of LUTs after P&R:  5985 + 192 + 0 + 0 = 6177;

