FILE_TYPE=LIBRARY_PARTS;
PRIMITIVE 'T520B337M2R5ATE070','T520B337M2R5ATE070_Other';
  PIN
    '+':
      PIN_NUMBER='(1)';
      NO_LOAD_CHECK=BOTH;
      NO_IO_CHECK=BOTH;
      ALLOW_CONNECT=TRUE;
      PINUSE='UNSPEC';
    '-':
      PIN_NUMBER='(2)';
      NO_LOAD_CHECK=BOTH;
      NO_IO_CHECK=BOTH;
      ALLOW_CONNECT=TRUE;
      PINUSE='UNSPEC';
  END_PIN;
  BODY
    PART_NAME='T520B337M2R5ATE070';
    PHYS_DES_PREFIX='C';
    NO_LOAD_CHECK='TRUE';
    PIN_COUNT='2';
    BODY_NAME='T520B337M2R5ATE070';
    JEDEC_TYPE='T520B';
  END_BODY;
END_PRIMITIVE;
END.
